// Jest Snapshot v1, https://goo.gl/fbAQLP

exports[`<Icon /> <Icon /> renders 1`] = `<div />`;
