// Jest Snapshot v1, https://goo.gl/fbAQLP

exports[`<Score /> <Score /> renders 1`] = `
<div
  className="score-box"
>
  <span />
  <div />
</div>
`;
